%!Adobe-FontList 1.24
%Locale:0x409

%BeginFont
Handler:DirectoryHandler
FontType:Invalid
OutlineFileName:C:\Code\glovjs\dcjam2025\src\client\img\Font\04b03_8x1.json
FileModTime:1743539210
%EndFont

%BeginFont
Handler:DirectoryHandler
FontType:Invalid
OutlineFileName:C:\Code\glovjs\dcjam2025\src\client\img\Font\04b03_8x1.png
FileModTime:1743539210
%EndFont

%BeginFont
Handler:DirectoryHandler
FontType:Invalid
OutlineFileName:C:\Code\glovjs\dcjam2025\src\client\img\Font\04b03_8x2.json
FileModTime:1743539210
%EndFont

%BeginFont
Handler:DirectoryHandler
FontType:Invalid
OutlineFileName:C:\Code\glovjs\dcjam2025\src\client\img\Font\04b03_8x2.png
FileModTime:1743539210
%EndFont

%BeginFont
Handler:DirectoryHandler
FontType:Invalid
OutlineFileName:C:\Code\glovjs\dcjam2025\src\client\img\Font\kalam.json
FileModTime:1744485771
%EndFont

%BeginFont
Handler:DirectoryHandler
FontType:Invalid
OutlineFileName:C:\Code\glovjs\dcjam2025\src\client\img\Font\kalam.png
FileModTime:1744485771
%EndFont

%BeginFont
Handler:DirectoryHandler
FontType:Invalid
OutlineFileName:C:\Code\glovjs\dcjam2025\src\client\img\Font\palanquin32.json
FileModTime:1743539210
%EndFont

%BeginFont
Handler:DirectoryHandler
FontType:Invalid
OutlineFileName:C:\Code\glovjs\dcjam2025\src\client\img\Font\palanquin32.png
FileModTime:1743539210
%EndFont

